scripts/check-users.ts(9,20): error TS2353: Object literal may only specify known properties, and 'organization' does not exist in type 'UserInclude<DefaultArgs>'.
scripts/check-users.ts(14,46): error TS2339: Property 'role' does not exist on type '{ id: string; updatedAt: Date; isActive: boolean; createdAt: Date; email: string; emailVerified: Date | null; passwordHash: string | null; nom: string; prenom: string; telephone: string | null; }'.
scripts/check-users.ts(15,45): error TS2339: Property 'organization' does not exist on type '{ id: string; updatedAt: Date; isActive: boolean; createdAt: Date; email: string; emailVerified: Date | null; passwordHash: string | null; nom: string; prenom: string; telephone: string | null; }'.
src/app/actions/evidence.ts(73,9): error TS2322: Type '{ type: $Enums.TypePreuve; dossierId: string; nomFichier: string; cheminFichier: string; mimeType: string; tailleFichier: number; hashFichier: string; isSigned: false; dateGeneration: Date; genereParId: string; }' is not assignable to type '(Without<PreuveCreateInput, PreuveUncheckedCreateInput> & PreuveUncheckedCreateInput) | (Without<...> & PreuveCreateInput)'.
  Type '{ type: $Enums.TypePreuve; dossierId: string; nomFichier: string; cheminFichier: string; mimeType: string; tailleFichier: number; hashFichier: string; isSigned: false; dateGeneration: Date; genereParId: string; }' is not assignable to type 'Without<PreuveCreateInput, PreuveUncheckedCreateInput> & PreuveUncheckedCreateInput'.
    Property 'organizationId' is missing in type '{ type: $Enums.TypePreuve; dossierId: string; nomFichier: string; cheminFichier: string; mimeType: string; tailleFichier: number; hashFichier: string; isSigned: false; dateGeneration: Date; genereParId: string; }' but required in type 'PreuveUncheckedCreateInput'.
src/app/actions/evidence.ts(93,9): error TS2322: Type '{ entityType: string; entityId: string; action: string; userId: string; userRole: Role; niveauAction: "EDITION"; newState: { type: $Enums.TypePreuve; dossierId: string; description: string; fileName: string; stagiaire: string; uploadedBy: string; }; ipAddress: string; }' is not assignable to type '(Without<AuditLogCreateInput, AuditLogUncheckedCreateInput> & AuditLogUncheckedCreateInput) | (Without<...> & AuditLogCreateInput)'.
  Type '{ entityType: string; entityId: string; action: string; userId: string; userRole: Role; niveauAction: "EDITION"; newState: { type: $Enums.TypePreuve; dossierId: string; description: string; fileName: string; stagiaire: string; uploadedBy: string; }; ipAddress: string; }' is not assignable to type 'Without<AuditLogCreateInput, AuditLogUncheckedCreateInput> & AuditLogUncheckedCreateInput'.
    Property 'organizationId' is missing in type '{ entityType: string; entityId: string; action: string; userId: string; userRole: Role; niveauAction: "EDITION"; newState: { type: $Enums.TypePreuve; dossierId: string; description: string; fileName: string; stagiaire: string; uploadedBy: string; }; ipAddress: string; }' but required in type 'AuditLogUncheckedCreateInput'.
src/app/actions/workflow.ts(126,9): error TS2322: Type '{ entityType: string; entityId: string; action: string; userId: string; userRole: Role; niveauAction: "VALIDATION"; newState: { from: $Enums.PhaseStatus; to: $Enums.PhaseStatus; stagiaire: string; validationWarnings: string[]; performedBy: string; }; ipAddress: string; }' is not assignable to type '(Without<AuditLogCreateInput, AuditLogUncheckedCreateInput> & AuditLogUncheckedCreateInput) | (Without<...> & AuditLogCreateInput)'.
  Type '{ entityType: string; entityId: string; action: string; userId: string; userRole: Role; niveauAction: "VALIDATION"; newState: { from: $Enums.PhaseStatus; to: $Enums.PhaseStatus; stagiaire: string; validationWarnings: string[]; performedBy: string; }; ipAddress: string; }' is not assignable to type 'Without<AuditLogCreateInput, AuditLogUncheckedCreateInput> & AuditLogUncheckedCreateInput'.
    Property 'organizationId' is missing in type '{ entityType: string; entityId: string; action: string; userId: string; userRole: Role; niveauAction: "VALIDATION"; newState: { from: $Enums.PhaseStatus; to: $Enums.PhaseStatus; stagiaire: string; validationWarnings: string[]; performedBy: string; }; ipAddress: string; }' but required in type 'AuditLogUncheckedCreateInput'.
src/app/api/v1/partners/leads/route.ts(43,13): error TS2322: Type '{ apiKeyHash: string; }' is not assignable to type 'PartnerWhereUniqueInput'.
  Type '{ apiKeyHash: string; }' is not assignable to type '{ id: string; } & { id?: string | undefined; AND?: PartnerWhereInput | PartnerWhereInput[] | undefined; OR?: PartnerWhereInput[] | undefined; ... 20 more ...; organization?: (Without<...> & OrganizationWhereInput) | ... 1 more ... | undefined; }'.
    Property 'id' is missing in type '{ apiKeyHash: string; }' but required in type '{ id: string; }'.
src/auth.config.ts(109,55): error TS2339: Property 'siteName' does not exist on type 'MembershipInfo'.
src/auth.config.ts(127,17): error TS2322: Type 'unknown' is not assignable to type 'string | null'.
src/components/auth/OrganizationSwitcher.tsx(47,32): error TS2339: Property 'siteName' does not exist on type '{ id: string; email: string; nom: string; prenom: string; currentMembershipId: string; role: Role; organizationId: string; organizationType: OrganizationType; organizationName: string; scope: MembershipScope; memberships: MembershipInfo[]; }'.
src/components/auth/OrganizationSwitcher.tsx(172,57): error TS2339: Property 'siteName' does not exist on type 'MembershipInfo'.
src/components/auth/OrganizationSwitcher.tsx(175,74): error TS2339: Property 'siteName' does not exist on type 'MembershipInfo'.
src/components/auth/UserHeader.tsx(51,75): error TS2339: Property 'siteName' does not exist on type '{ id: string; email: string; nom: string; prenom: string; currentMembershipId: string; role: Role; organizationId: string; organizationType: OrganizationType; organizationName: string; scope: MembershipScope; memberships: MembershipInfo[]; }'.
